[2025-09-06T16:07:01.708Z] === Definition Extraction Session Started ===
[2025-09-06T16:07:01.708Z] Session Directory: logs/extraction_session_2025-09-06T16-07-01
[2025-09-06T16:07:01.710Z] Found Introduction section with 4 concepts
[2025-09-06T16:07:01.710Z] Concepts: Artificial intelligence (AI), Machine learning (ML), Deep learning (DL), Generative AI
[2025-09-06T16:07:01.710Z] \n=== Processing batch: fundamentals_introduction_v2 ===
[2025-09-06T16:07:01.710Z] Concepts to process: 4
[2025-09-06T16:07:01.710Z] Concepts: Artificial intelligence (AI), Machine learning (ML), Deep learning (DL), Generative AI
[2025-09-06T16:07:01.711Z] Looking for header1 section: "Introduction"
[2025-09-06T16:07:01.711Z] Found header1 section "Introduction" at line 1: "# Introduction"
[2025-09-06T16:07:01.711Z] Section ends at line 39 (next header1): "# Machine Learning Fundamentals"
[2025-09-06T16:07:01.711Z] Extracted header1 section (4162 chars): "# Introduction

In this course, you will learn about the foundations of machine learning (ML) and artificial intelligence (AI). You will explore the connections between AI, ML, deep learning, and the emerging field of generative artificial intelligence (generative AI), which has captured the attenti..."
[2025-09-06T16:07:01.714Z] \n=== Processing concept: "Artificial intelligence (AI)" ===
[2025-09-06T16:07:01.714Z] Section name: "Introduction"
[2025-09-06T16:07:01.714Z] Prompt tokens: 928
[2025-09-06T16:07:01.714Z] Request logged: logs/extraction_session_2025-09-06T16-07-01/requests/Artificial_intelligence__AI__request.json
[2025-09-06T16:07:05.926Z] API Response status: 200 OK
[2025-09-06T16:07:05.930Z] Response logged: logs/extraction_session_2025-09-06T16-07-01/responses/Artificial_intelligence__AI__response.json
[2025-09-06T16:07:05.931Z] Completion tokens: 64
[2025-09-06T16:07:05.931Z] Total tokens for this request: 992
[2025-09-06T16:07:05.931Z] Definition extracted: "AI is a broad field that encompasses the development of intelligent systems capable of performing tasks that typically require human intelligence, such as perception, reasoning, learning, problem-solving, and decision-making. AI serves as an umbrella term for various techniques and approaches, including machine learning, deep learning, and generative AI, among others."
[2025-09-06T16:07:05.931Z] === Concept "Artificial intelligence (AI)" completed ===\n
[2025-09-06T16:07:06.133Z] Looking for header1 section: "Introduction"
[2025-09-06T16:07:06.133Z] Found header1 section "Introduction" at line 1: "# Introduction"
[2025-09-06T16:07:06.133Z] Section ends at line 39 (next header1): "# Machine Learning Fundamentals"
[2025-09-06T16:07:06.134Z] Extracted header1 section (4162 chars): "# Introduction

In this course, you will learn about the foundations of machine learning (ML) and artificial intelligence (AI). You will explore the connections between AI, ML, deep learning, and the emerging field of generative artificial intelligence (generative AI), which has captured the attenti..."
[2025-09-06T16:07:06.136Z] \n=== Processing concept: "Machine learning (ML)" ===
[2025-09-06T16:07:06.136Z] Section name: "Introduction"
[2025-09-06T16:07:06.136Z] Prompt tokens: 926
[2025-09-06T16:07:06.137Z] Request logged: logs/extraction_session_2025-09-06T16-07-01/requests/Machine_learning__ML__request.json
[2025-09-06T16:07:11.581Z] API Response status: 200 OK
[2025-09-06T16:07:11.584Z] Response logged: logs/extraction_session_2025-09-06T16-07-01/responses/Machine_learning__ML__response.json
[2025-09-06T16:07:11.585Z] Completion tokens: 34
[2025-09-06T16:07:11.586Z] Total tokens for this request: 960
[2025-09-06T16:07:11.586Z] Definition extracted: "ML is a type of AI for understanding and building methods that make it possible for machines to learn. These methods use data to improve computer performance on a set of tasks."
[2025-09-06T16:07:11.586Z] === Concept "Machine learning (ML)" completed ===\n
[2025-09-06T16:07:11.788Z] Looking for header1 section: "Introduction"
[2025-09-06T16:07:11.788Z] Found header1 section "Introduction" at line 1: "# Introduction"
[2025-09-06T16:07:11.788Z] Section ends at line 39 (next header1): "# Machine Learning Fundamentals"
[2025-09-06T16:07:11.788Z] Extracted header1 section (4162 chars): "# Introduction

In this course, you will learn about the foundations of machine learning (ML) and artificial intelligence (AI). You will explore the connections between AI, ML, deep learning, and the emerging field of generative artificial intelligence (generative AI), which has captured the attenti..."
[2025-09-06T16:07:11.790Z] \n=== Processing concept: "Deep learning (DL)" ===
[2025-09-06T16:07:11.790Z] Section name: "Introduction"
[2025-09-06T16:07:11.790Z] Prompt tokens: 926
[2025-09-06T16:07:11.790Z] Request logged: logs/extraction_session_2025-09-06T16-07-01/requests/Deep_learning__DL__request.json
[2025-09-06T16:07:17.098Z] API Response status: 200 OK
[2025-09-06T16:07:17.102Z] Response logged: logs/extraction_session_2025-09-06T16-07-01/responses/Deep_learning__DL__response.json
[2025-09-06T16:07:17.103Z] Completion tokens: 45
[2025-09-06T16:07:17.106Z] Total tokens for this request: 971
[2025-09-06T16:07:17.106Z] Definition extracted: "Deep learning uses the concept of neurons and synapses similar to how our brain is wired. An example of a deep learning application is Amazon Rekognition, which can analyze millions of images and streaming and stored videos within seconds."
[2025-09-06T16:07:17.106Z] === Concept "Deep learning (DL)" completed ===\n
[2025-09-06T16:07:17.307Z] Looking for header1 section: "Introduction"
[2025-09-06T16:07:17.308Z] Found header1 section "Introduction" at line 1: "# Introduction"
[2025-09-06T16:07:17.309Z] Section ends at line 39 (next header1): "# Machine Learning Fundamentals"
[2025-09-06T16:07:17.309Z] Extracted header1 section (4162 chars): "# Introduction

In this course, you will learn about the foundations of machine learning (ML) and artificial intelligence (AI). You will explore the connections between AI, ML, deep learning, and the emerging field of generative artificial intelligence (generative AI), which has captured the attenti..."
[2025-09-06T16:07:17.312Z] \n=== Processing concept: "Generative AI" ===
[2025-09-06T16:07:17.312Z] Section name: "Introduction"
[2025-09-06T16:07:17.312Z] Prompt tokens: 924
[2025-09-06T16:07:17.313Z] Request logged: logs/extraction_session_2025-09-06T16-07-01/requests/Generative_AI_request.json
[2025-09-06T16:07:22.433Z] API Response status: 200 OK
[2025-09-06T16:07:22.437Z] Response logged: logs/extraction_session_2025-09-06T16-07-01/responses/Generative_AI_response.json
[2025-09-06T16:07:22.438Z] Completion tokens: 48
[2025-09-06T16:07:22.439Z] Total tokens for this request: 972
[2025-09-06T16:07:22.439Z] Definition extracted: "Generative AI is a subset of deep learning because it can adapt models built using deep learning, but without retraining or fine tuning.

Generative AI systems are capable of generating new data based on the patterns and structures learned from training data."
[2025-09-06T16:07:22.439Z] === Concept "Generative AI" completed ===\n
[2025-09-06T16:07:22.642Z] \n=== Batch fundamentals_introduction_v2 completed ===
[2025-09-06T16:07:22.643Z] Batch token usage: 3895
[2025-09-06T16:07:22.643Z] Session total tokens: 3895
[2025-09-06T16:07:22.644Z] Session total requests: 4
[2025-09-06T16:07:22.645Z] Results saved to: logs/extraction_session_2025-09-06T16-07-01/extracted_definitions.json
[2025-09-06T16:07:22.645Z] \n=== Final Session Summary ===
[2025-09-06T16:07:22.646Z] Total tokens used: 3895
[2025-09-06T16:07:22.646Z] Total requests made: 4
[2025-09-06T16:07:22.647Z] Average tokens per request: 974
[2025-09-06T16:07:22.647Z] Session directory: logs/extraction_session_2025-09-06T16-07-01
